// Jest Snapshot v1, https://goo.gl/fbAQLP

exports[`EzModal should render with default styles 1`] = `
.recipe-19 {
  -webkit-align-items: center;
  -webkit-box-align: center;
  -ms-flex-align: center;
  align-items: center;
  background-color: rgba(0,0,0,0.6);
  display: -webkit-box;
  display: -webkit-flex;
  display: -ms-flexbox;
  display: flex;
  -webkit-flex-direction: column;
  -ms-flex-direction: column;
  flex-direction: column;
  -webkit-box-pack: center;
  -webkit-justify-content: center;
  -ms-flex-pack: center;
  justify-content: center;
  overflow: hidden;
  position: fixed;
  top: 0;
  right: 0;
  bottom: 0;
  left: 0;
}

.recipe-17 {
  background: #ffffff;
  display: -webkit-box;
  display: -webkit-flex;
  display: -ms-flexbox;
  display: flex;
  -webkit-flex-direction: column;
  -ms-flex-direction: column;
  flex-direction: column;
  height: 100%;
  max-height: 100vh;
  outline: none;
  width: 100%;
}

@media screen and (min-width:48em) {
  .recipe-17 {
    border-radius: 12px;
    height: auto;
    overflow: hidden;
    max-height: calc(100vh - 4.285714285714286rem);
    width: 550px;
  }
}

.recipe-5 {
  padding: 1.1428571428571428rem 1.7142857142857142rem;
  border-bottom: 1px solid #e6e9eb;
  display: -webkit-box;
  display: -webkit-flex;
  display: -ms-flexbox;
  display: flex;
  -webkit-flex: none;
  -ms-flex: none;
  flex: none;
  -webkit-box-pack: justify;
  -webkit-justify-content: space-between;
  -ms-flex-pack: justify;
  justify-content: space-between;
}

@media screen and (min-width:48em) {
  .recipe-5 {
    padding: 1.7142857142857142rem 2.2857142857142856rem;
  }
}

@media screen and (min-width:48em) {
  .recipe-5 {
    border-bottom: none;
  }
}

.recipe-5 button svg path {
  fill: #3a81be;
}

.recipe-1 {
  color: #565a5c;
  font-size: 1.5rem;
  font-weight: 400;
  line-height: 1.35;
  margin: 0;
}

.recipe-3 {
  -webkit-align-self: center;
  -ms-flex-item-align: center;
  align-self: center;
  background-color: transparent;
  border: 0;
  border-radius: 50%;
  cursor: pointer;
  outline: none;
  padding: 1.4285714285714286rem;
  margin: -1.4285714285714286rem;
}

.recipe-3:hover {
  background-color: hsla(240,11%,95%,0.4);
}

.recipe-3:active {
  background-color: hsla(204,11%,79%,0.4);
}

.recipe-3 > span:not(:focus):not(:active) {
  -webkit-clip: rect(0 0 0 0);
  clip: rect(0 0 0 0);
  -webkit-clip-path: inset(100%);
  clip-path: inset(100%);
  height: 1px;
  overflow: hidden;
  position: absolute;
  white-space: nowrap;
  width: 1px;
}

.recipe-7 {
  padding: 1.1428571428571428rem 1.7142857142857142rem;
  -webkit-flex: auto;
  -ms-flex: auto;
  flex: auto;
  overflow-y: auto;
}

@media screen and (min-width:48em) {
  .recipe-7 {
    padding: 1.7142857142857142rem 2.2857142857142856rem;
  }
}

@media screen and (min-width:48em) {
  .recipe-7 {
    padding-top: 0;
  }
}

.recipe-15 {
  padding: 1.1428571428571428rem 1.7142857142857142rem;
  background: #f4f7f8;
  border-top: 1px solid #e6e9eb;
  -webkit-flex: none;
  -ms-flex: none;
  flex: none;
}

@media screen and (min-width:48em) {
  .recipe-15 {
    padding: 1.7142857142857142rem 2.2857142857142856rem;
  }
}

.recipe-13 {
  display: -webkit-box;
  display: -webkit-flex;
  display: -ms-flexbox;
  display: flex;
  -webkit-flex-direction: column;
  -ms-flex-direction: column;
  flex-direction: column;
}

@media screen and (min-width:48em) {
  .recipe-13 {
    -webkit-align-items: normal;
    -webkit-box-align: normal;
    -ms-flex-align: normal;
    align-items: normal;
    -webkit-flex-direction: row;
    -ms-flex-direction: row;
    flex-direction: row;
    -webkit-box-pack: normal;
    -webkit-justify-content: normal;
    -ms-flex-pack: normal;
    justify-content: normal;
    -webkit-align-items: center;
    -webkit-box-align: center;
    -ms-flex-align: center;
    align-items: center;
    -webkit-box-pack: start;
    -webkit-justify-content: flex-start;
    -ms-flex-pack: start;
    justify-content: flex-start;
  }

  .recipe-13 > * {
    -webkit-flex-basis: auto;
    -ms-flex-preferred-size: auto;
    flex-basis: auto;
    -webkit-box-flex: 0;
    -webkit-flex-grow: 0;
    -ms-flex-positive: 0;
    flex-grow: 0;
  }
}

.recipe-13 > *:not(:first-child) {
  margin-top: 0.8571428571428571rem;
}

@media screen and (min-width:48em) {
  .recipe-13 > *:not(:first-child) {
    margin-top: 0;
    margin-left: 0;
  }

  .recipe-13 > *:not(:first-child) {
    margin-left: 0.8571428571428571rem;
  }
}

.recipe-9 {
  cursor: pointer;
  display: inline-block;
  outline: 0;
  font-size: 14px;
  font-family: Lato,"Helvetica Neue",Arial,Helvetica,sans-serif;
  font-weight: 700;
  line-height: 1em;
  min-height: 1em;
  -webkit-text-decoration: none;
  text-decoration: none;
  -webkit-user-select: none;
  -moz-user-select: none;
  -ms-user-select: none;
  user-select: none;
  white-space: nowrap;
  -webkit-tap-highlight-color: transparent;
  color: #ffffff;
  border-color: #3e90d6;
  border-color: #3e90d6;
  background-color: #3e90d6;
  border-radius: 4px;
  border-style: solid;
  border-width: 1px;
  box-shadow: 0 1px 1px 0 rgba(0,0,0,0.12);
  padding: 0.5714285714285714rem 1.1428571428571428rem;
}

.recipe-9:hover:enabled {
  border-color: #347ab5;
}

.recipe-9:focus:enabled {
  border-color: #2e6ca0;
}

.recipe-9:active:enabled {
  border-color: #2e6ca0;
}

.recipe-9:hover:enabled {
  background-color: #347ab5;
}

.recipe-9:active:enabled {
  background-color: #2e6ca0;
}

.recipe-9:focus {
  box-shadow: 0px 0px 2px 2px #3e90d6,0 1px 1px 0 rgba(0,0,0,0.12);
}

.recipe-11 {
  cursor: pointer;
  display: inline-block;
  outline: 0;
  font-size: 14px;
  font-family: Lato,"Helvetica Neue",Arial,Helvetica,sans-serif;
  font-weight: 700;
  line-height: 1em;
  min-height: 1em;
  -webkit-text-decoration: none;
  text-decoration: none;
  -webkit-user-select: none;
  -moz-user-select: none;
  -ms-user-select: none;
  user-select: none;
  white-space: nowrap;
  -webkit-tap-highlight-color: transparent;
  background-color: white;
  border: solid 1px;
  border-color: #ced4d9;
  color: #3e90d6;
  border-radius: 4px;
  border-style: solid;
  border-width: 1px;
  box-shadow: 0 1px 1px 0 rgba(0,0,0,0.12);
  padding: 0.5714285714285714rem 1.1428571428571428rem;
}

.recipe-11:hover:enabled {
  border-color: #afb4b8;
}

.recipe-11:focus:enabled {
  border-color: #3e90d6;
}

.recipe-11:active:enabled {
  border-color: #9a9fa2;
}

.recipe-11:hover:enabled {
  color: #347ab5;
}

.recipe-11:active:enabled {
  color: #2e6ca0;
}

.recipe-11:hover:enabled {
  background-color: #fafafb;
}

.recipe-11:active:enabled {
  background-color: #e6e9eb;
}

.recipe-11:focus {
  box-shadow: 0px 0px 2px 2px #3e90d6,0 1px 1px 0 rgba(0,0,0,0.12);
}

<body>
  <div
    aria-hidden="true"
  />
  <reach-portal>
    <div
      class="recipe-19 recipe-20"
      data-reach-dialog-overlay="true"
    >
      <div
        aria-modal="true"
        class="recipe-17 recipe-18"
        data-reach-dialog-content="true"
        tabindex="-1"
      >
        <div
          class="recipe-5 recipe-6"
        >
          <h2
            class="recipe-0 recipe-1 recipe-2"
            size="2"
          >
            Header
          </h2>
          <button
            aria-label="Dismiss"
            class="recipe-3 recipe-4"
          >
            <svg
              height="16"
              version="1"
              width="16"
              xmlns="http://www.w3.org/2000/svg"
            >
              <path
                d="M8 6l5-5 2 2-5 5 5 5-2 2-5-5-5 5-2-2 5-5-5-5 2-2 5 5z"
                fill="currentColor"
                fill-rule="evenodd"
              />
            </svg>
          </button>
        </div>
        <div
          class="recipe-7 recipe-8"
        >
          children
        </div>
        <div
          class="recipe-15 recipe-16"
        >
          <div
            class="recipe-13 recipe-14"
          >
            <button
              class="recipe-9 recipe-10"
            >
              Submit
            </button>
            <button
              class="recipe-11 recipe-10"
            >
              Dismiss
            </button>
          </div>
        </div>
      </div>
    </div>
  </reach-portal>
</body>
`;
